
 RUN  v1.6.1 /Users/phoenix/Documents/work06/solo-work/SoloCoder/feat-night-redux-thunk/redux-thunk


⎯⎯⎯⎯ Unhandled Rejection ⎯⎯⎯⎯⎯
Failed to load PostCSS config: Failed to load PostCSS config (searchPath: /Users/phoenix/Documents/work06/solo-work/SoloCoder/feat-night-redux-thunk/redux-thunk): [Error] Cannot find module 'postcss-easy-import'
Require stack:
- /Users/phoenix/Documents/work06/solo-work/SoloCoder/postcss.config.js
Error: Cannot find module 'postcss-easy-import'
Require stack:
- /Users/phoenix/Documents/work06/solo-work/SoloCoder/postcss.config.js
    at Function._resolveFilename (node:internal/modules/cjs/loader:1405:15)
    at defaultResolveImpl (node:internal/modules/cjs/loader:1061:19)
    at resolveForCJSWithHooks (node:internal/modules/cjs/loader:1066:22)
    at Function._load (node:internal/modules/cjs/loader:1215:37)
    at TracingChannel.traceSync (node:diagnostics_channel:322:14)
    at wrapModuleLoad (node:internal/modules/cjs/loader:235:24)
    at Module.require (node:internal/modules/cjs/loader:1491:12)
    at require (node:internal/modules/helpers:135:16)
    at Object.<anonymous> (/Users/phoenix/Documents/work06/solo-work/SoloCoder/postcss.config.js:4:5)
    at Module._compile (node:internal/modules/cjs/loader:1734:14)
⎯⎯⎯⎯⎯⎯⎯⎯⎯⎯⎯⎯⎯⎯⎯⎯⎯⎯⎯⎯⎯⎯⎯⎯⎯⎯⎯⎯⎯⎯
Serialized Error: { code: 'MODULE_NOT_FOUND', requireStack: [ '/Users/phoenix/Documents/work06/solo-work/SoloCoder/postcss.config.js' ] }

⎯⎯⎯⎯ Unhandled Rejection ⎯⎯⎯⎯⎯
Failed to load PostCSS config: Failed to load PostCSS config (searchPath: /Users/phoenix/Documents/work06/solo-work/SoloCoder/feat-night-redux-thunk/redux-thunk): [Error] Cannot find module 'postcss-easy-import'
Require stack:
- /Users/phoenix/Documents/work06/solo-work/SoloCoder/postcss.config.js
Error: Cannot find module 'postcss-easy-import'
Require stack:
- /Users/phoenix/Documents/work06/solo-work/SoloCoder/postcss.config.js
    at Function._resolveFilename (node:internal/modules/cjs/loader:1405:15)
    at defaultResolveImpl (node:internal/modules/cjs/loader:1061:19)
    at resolveForCJSWithHooks (node:internal/modules/cjs/loader:1066:22)
    at Function._load (node:internal/modules/cjs/loader:1215:37)
    at TracingChannel.traceSync (node:diagnostics_channel:322:14)
    at wrapModuleLoad (node:internal/modules/cjs/loader:235:24)
    at Module.require (node:internal/modules/cjs/loader:1491:12)
    at require (node:internal/modules/helpers:135:16)
    at Object.<anonymous> (/Users/phoenix/Documents/work06/solo-work/SoloCoder/postcss.config.js:4:5)
    at Module._compile (node:internal/modules/cjs/loader:1734:14)
⎯⎯⎯⎯⎯⎯⎯⎯⎯⎯⎯⎯⎯⎯⎯⎯⎯⎯⎯⎯⎯⎯⎯⎯⎯⎯⎯⎯⎯⎯
Serialized Error: { code: 'MODULE_NOT_FOUND', requireStack: [ '/Users/phoenix/Documents/work06/solo-work/SoloCoder/postcss.config.js' ] }



